// Jest Snapshot v1, https://goo.gl/fbAQLP

exports[`Testing navbar component renders the navbar element 1`] = `
<nav>
  <h1
    class="logo"
  >
    Logo
  </h1>
  <ul>
    <li>
      <a
        href="/"
      >
        Home
      </a>
    </li>
    <li>
      <a
        href="/shop"
      >
        Shop
      </a>
    </li>
    <li
      class="shop_cart"
    >
      <img
        alt=""
        class="shop_icon"
        src="shopping_bag.svg"
      />
      <div
        class="cart_quantity"
      >
        2
      </div>
    </li>
  </ul>
</nav>
`;
